22/07/2026 10:44:49 [INFO] [COG] Loaded: system
22/07/2026 10:44:49 [INFO] [SYSTEM] Slash commands synchronized.
22/07/2026 10:44:51 [INFO] ==================================================
22/07/2026 10:44:51 [INFO] CMPMS READY
22/07/2026 10:44:51 [INFO] Logged in as: CMPMS#3906
22/07/2026 10:44:51 [INFO] User ID: 1525518105067913278
22/07/2026 10:44:51 [INFO] ==================================================
22/07/2026 10:54:54 [INFO] [COG] Loaded: system
22/07/2026 10:54:54 [INFO] [SYSTEM] Slash commands synchronized.
22/07/2026 10:54:57 [INFO] ==================================================
22/07/2026 10:54:57 [INFO] CMPMS READY
22/07/2026 10:54:57 [INFO] Logged in as: CMPMS#3906
22/07/2026 10:54:57 [INFO] User ID: 1525518105067913278
22/07/2026 10:54:57 [INFO] ==================================================
22/07/2026 14:52:59 [INFO] ==================================================
22/07/2026 14:52:59 [INFO] CMPMS READY
22/07/2026 14:52:59 [INFO] Logged in as: CMPMS#3906
22/07/2026 14:52:59 [INFO] User ID: 1525518105067913278
22/07/2026 14:52:59 [INFO] ==================================================
23/07/2026 14:54:26 [INFO] ==================================================
23/07/2026 14:54:26 [INFO] CMPMS READY
23/07/2026 14:54:26 [INFO] Logged in as: CMPMS#3906
23/07/2026 14:54:26 [INFO] User ID: 1525518105067913278
23/07/2026 14:54:26 [INFO] ==================================================
24/07/2026 14:55:19 [INFO] ==================================================
24/07/2026 14:55:19 [INFO] CMPMS READY
24/07/2026 14:55:19 [INFO] Logged in as: CMPMS#3906
24/07/2026 14:55:19 [INFO] User ID: 1525518105067913278
24/07/2026 14:55:19 [INFO] ==================================================
24/07/2026 22:51:27 [INFO] ==================================================
24/07/2026 22:51:27 [INFO] CMPMS READY
24/07/2026 22:51:27 [INFO] Logged in as: CMPMS#3906
24/07/2026 22:51:27 [INFO] User ID: 1525518105067913278
24/07/2026 22:51:27 [INFO] ==================================================
25/07/2026 12:02:56 [INFO] [COG] Loaded: system
25/07/2026 12:02:56 [INFO] [SYSTEM] Slash commands synchronized.
25/07/2026 12:02:59 [INFO] ==================================================
25/07/2026 12:02:59 [INFO] CMPMS READY
25/07/2026 12:02:59 [INFO] Logged in as: CMPMS#3906
25/07/2026 12:02:59 [INFO] User ID: 1525518105067913278
25/07/2026 12:02:59 [INFO] ==================================================
25/07/2026 12:08:42 [INFO] [SYSTEM] CMPMS starting...
25/07/2026 12:41:02 [INFO] [SYSTEM] CMPMS starting...
25/07/2026 12:41:02 [INFO] [CONFIG] Configuration loaded.
25/07/2026 12:41:02 [INFO] [DATABASE] SQLite initialized successfully.
25/07/2026 12:41:03 [INFO] [COG] Loaded: system
25/07/2026 12:41:03 [INFO] [SYSTEM] Slash commands synchronized.
25/07/2026 12:41:06 [INFO] ==================================================
25/07/2026 12:41:06 [INFO] CMPMS READY
25/07/2026 12:41:06 [INFO] Logged in as: CMPMS#3906
25/07/2026 12:41:06 [INFO] User ID: 1525518105067913278
25/07/2026 12:41:06 [INFO] ==================================================
28/07/2026 22:50:48 [INFO] [SYSTEM] CMPMS starting...
28/07/2026 22:50:48 [INFO] [CONFIG] Configuration loaded.
28/07/2026 22:50:48 [INFO] [DATABASE] SQLite initialized successfully.
28/07/2026 22:50:48 [INFO] [COG] Loaded: system
28/07/2026 22:50:49 [INFO] [SYSTEM] Slash commands synchronized.
28/07/2026 22:50:51 [INFO] ==================================================
28/07/2026 22:50:51 [INFO] CMPMS READY
28/07/2026 22:50:51 [INFO] Logged in as: CMPMS#3906
28/07/2026 22:50:51 [INFO] User ID: 1525518105067913278
28/07/2026 22:50:51 [INFO] ==================================================
28/07/2026 23:08:57 [INFO] [SYSTEM] CMPMS starting...
28/07/2026 23:08:57 [INFO] [CONFIG] Configuration loaded.
28/07/2026 23:08:57 [INFO] [DATABASE] SQLite initialized successfully.
28/07/2026 23:11:14 [INFO] [SYSTEM] CMPMS starting...
28/07/2026 23:11:14 [INFO] [CONFIG] Configuration loaded.
28/07/2026 23:11:14 [INFO] [DATABASE] SQLite initialized successfully.
28/07/2026 23:11:14 [INFO] [BRANCHES] Branch database synchronized.
28/07/2026 23:11:14 [INFO] [COG] Loaded: system
28/07/2026 23:11:15 [INFO] [SYSTEM] Slash commands synchronized.
28/07/2026 23:11:17 [INFO] ==================================================
28/07/2026 23:11:17 [INFO] CMPMS READY
28/07/2026 23:11:17 [INFO] Logged in as: CMPMS#3906
28/07/2026 23:11:17 [INFO] User ID: 1525518105067913278
28/07/2026 23:11:17 [INFO] ==================================================
28/07/2026 23:22:03 [INFO] [SYSTEM] CMPMS starting...
28/07/2026 23:22:03 [INFO] [CONFIG] Configuration loaded.
28/07/2026 23:22:03 [INFO] [DATABASE] SQLite initialized successfully.
28/07/2026 23:22:03 [INFO] [BRANCHES] Branch database synchronized.
28/07/2026 23:22:03 [INFO] [TEST] Generated ID: CDF-000001
28/07/2026 23:22:03 [INFO] [COG] Loaded: system
28/07/2026 23:22:04 [INFO] [SYSTEM] Slash commands synchronized.
28/07/2026 23:22:06 [INFO] ==================================================
28/07/2026 23:22:06 [INFO] CMPMS READY
28/07/2026 23:22:06 [INFO] Logged in as: CMPMS#3906
28/07/2026 23:22:06 [INFO] User ID: 1525518105067913278
28/07/2026 23:22:06 [INFO] ==================================================
28/07/2026 23:22:35 [INFO] [SYSTEM] CMPMS starting...
28/07/2026 23:22:35 [INFO] [CONFIG] Configuration loaded.
28/07/2026 23:22:35 [INFO] [DATABASE] SQLite initialized successfully.
28/07/2026 23:22:35 [INFO] [BRANCHES] Branch database synchronized.
28/07/2026 23:22:35 [INFO] [TEST] Generated ID: CDF-000002
28/07/2026 23:22:36 [INFO] [COG] Loaded: system
28/07/2026 23:22:36 [INFO] [SYSTEM] Slash commands synchronized.
28/07/2026 23:22:38 [INFO] ==================================================
28/07/2026 23:22:38 [INFO] CMPMS READY
28/07/2026 23:22:38 [INFO] Logged in as: CMPMS#3906
28/07/2026 23:22:38 [INFO] User ID: 1525518105067913278
28/07/2026 23:22:38 [INFO] ==================================================
01/08/2026 01:15:04 [INFO] [SYSTEM] CMPMS starting...
01/08/2026 01:15:04 [INFO] [CONFIG] Configuration loaded.
01/08/2026 01:15:04 [INFO] [DATABASE] SQLite initialized successfully.
01/08/2026 01:15:04 [INFO] [BRANCHES] Branch database synchronized.
01/08/2026 01:15:04 [INFO] [COG] Loaded: personnel
01/08/2026 01:15:04 [INFO] [COG] Loaded: system
01/08/2026 01:15:04 [INFO] [SYSTEM] Slash commands synchronized.
01/08/2026 01:15:07 [INFO] ==================================================
01/08/2026 01:15:07 [INFO] CMPMS READY
01/08/2026 01:15:07 [INFO] Logged in as: CMPMS#3906
01/08/2026 01:15:07 [INFO] User ID: 1525518105067913278
01/08/2026 01:15:07 [INFO] ==================================================
